[16:35:57] Grilla XGBoost: 48 combos x 4 folds | early stopping (tope 600, paciencia 25)
[16:36:21] [ 1/48] depth= 6 eta=0.1  mcw=1   sub=0.8  col=0.5  -> AUC CV 0.8328 | rondas/fold prom. 102 |   24s
[16:36:42] [ 2/48] depth= 6 eta=0.1  mcw=1   sub=0.8  col=1.0  -> AUC CV 0.8336 | rondas/fold prom. 102 |   21s
[16:37:00] [ 3/48] depth= 6 eta=0.1  mcw=1   sub=1.0  col=0.5  -> AUC CV 0.8330 | rondas/fold prom. 108 |   18s
[16:37:21] [ 4/48] depth= 6 eta=0.1  mcw=1   sub=1.0  col=1.0  -> AUC CV 0.8330 | rondas/fold prom. 117 |   21s
[16:37:49] [ 5/48] depth= 6 eta=0.1  mcw=100 sub=0.8  col=0.5  -> AUC CV 0.8320 | rondas/fold prom. 148 |   28s
[16:38:07] [ 6/48] depth= 6 eta=0.1  mcw=100 sub=0.8  col=1.0  -> AUC CV 0.8324 | rondas/fold prom. 115 |   19s
[16:38:27] [ 7/48] depth= 6 eta=0.1  mcw=100 sub=1.0  col=0.5  -> AUC CV 0.8316 | rondas/fold prom. 133 |   20s
[16:38:45] [ 8/48] depth= 6 eta=0.1  mcw=100 sub=1.0  col=1.0  -> AUC CV 0.8320 | rondas/fold prom. 126 |   18s
[16:38:58] [ 9/48] depth= 6 eta=0.3  mcw=1   sub=0.8  col=0.5  -> AUC CV 0.8318 | rondas/fold prom.  42 |   13s
[16:39:13] [10/48] depth= 6 eta=0.3  mcw=1   sub=0.8  col=1.0  -> AUC CV 0.8328 | rondas/fold prom.  36 |   15s
[16:39:23] [11/48] depth= 6 eta=0.3  mcw=1   sub=1.0  col=0.5  -> AUC CV 0.8314 | rondas/fold prom.  32 |    9s
[16:39:34] [12/48] depth= 6 eta=0.3  mcw=1   sub=1.0  col=1.0  -> AUC CV 0.8325 | rondas/fold prom.  38 |   11s
[16:39:45] [13/48] depth= 6 eta=0.3  mcw=100 sub=0.8  col=0.5  -> AUC CV 0.8313 | rondas/fold prom.  50 |   11s
[16:39:57] [14/48] depth= 6 eta=0.3  mcw=100 sub=0.8  col=1.0  -> AUC CV 0.8316 | rondas/fold prom.  46 |   12s
[16:40:08] [15/48] depth= 6 eta=0.3  mcw=100 sub=1.0  col=0.5  -> AUC CV 0.8316 | rondas/fold prom.  53 |   11s
[16:40:18] [16/48] depth= 6 eta=0.3  mcw=100 sub=1.0  col=1.0  -> AUC CV 0.8319 | rondas/fold prom.  54 |   10s
[16:40:44] [17/48] depth=10 eta=0.1  mcw=1   sub=0.8  col=0.5  -> AUC CV 0.8300 | rondas/fold prom.  82 |   26s
[16:41:01] [18/48] depth=10 eta=0.1  mcw=1   sub=0.8  col=1.0  -> AUC CV 0.8315 | rondas/fold prom.  64 |   17s
[16:41:17] [19/48] depth=10 eta=0.1  mcw=1   sub=1.0  col=0.5  -> AUC CV 0.8300 | rondas/fold prom.  82 |   16s
[16:41:33] [20/48] depth=10 eta=0.1  mcw=1   sub=1.0  col=1.0  -> AUC CV 0.8301 | rondas/fold prom.  53 |   16s
[16:41:53] [21/48] depth=10 eta=0.1  mcw=100 sub=0.8  col=0.5  -> AUC CV 0.8313 | rondas/fold prom.  93 |   19s
[16:42:09] [22/48] depth=10 eta=0.1  mcw=100 sub=0.8  col=1.0  -> AUC CV 0.8320 | rondas/fold prom.  83 |   16s
[16:42:25] [23/48] depth=10 eta=0.1  mcw=100 sub=1.0  col=0.5  -> AUC CV 0.8314 | rondas/fold prom.  88 |   16s
[16:42:46] [24/48] depth=10 eta=0.1  mcw=100 sub=1.0  col=1.0  -> AUC CV 0.8321 | rondas/fold prom. 105 |   21s
[16:42:54] [25/48] depth=10 eta=0.3  mcw=1   sub=0.8  col=0.5  -> AUC CV 0.8272 | rondas/fold prom.  24 |    8s
[16:43:00] [26/48] depth=10 eta=0.3  mcw=1   sub=0.8  col=1.0  -> AUC CV 0.8294 | rondas/fold prom.  14 |    7s
[16:43:07] [27/48] depth=10 eta=0.3  mcw=1   sub=1.0  col=0.5  -> AUC CV 0.8271 | rondas/fold prom.  22 |    7s
[16:43:14] [28/48] depth=10 eta=0.3  mcw=1   sub=1.0  col=1.0  -> AUC CV 0.8290 | rondas/fold prom.  14 |    6s
[16:43:25] [29/48] depth=10 eta=0.3  mcw=100 sub=0.8  col=0.5  -> AUC CV 0.8305 | rondas/fold prom.  42 |   11s
[16:43:34] [30/48] depth=10 eta=0.3  mcw=100 sub=0.8  col=1.0  -> AUC CV 0.8319 | rondas/fold prom.  34 |    9s
[16:43:44] [31/48] depth=10 eta=0.3  mcw=100 sub=1.0  col=0.5  -> AUC CV 0.8306 | rondas/fold prom.  27 |    9s
[16:43:53] [32/48] depth=10 eta=0.3  mcw=100 sub=1.0  col=1.0  -> AUC CV 0.8315 | rondas/fold prom.  25 |    9s
[16:44:14] [33/48] depth=14 eta=0.1  mcw=1   sub=0.8  col=0.5  -> AUC CV 0.8248 | rondas/fold prom.  69 |   21s
[16:44:28] [34/48] depth=14 eta=0.1  mcw=1   sub=0.8  col=1.0  -> AUC CV 0.8271 | rondas/fold prom.  30 |   14s
[16:44:42] [35/48] depth=14 eta=0.1  mcw=1   sub=1.0  col=0.5  -> AUC CV 0.8248 | rondas/fold prom.  49 |   15s
[16:45:02] [36/48] depth=14 eta=0.1  mcw=1   sub=1.0  col=1.0  -> AUC CV 0.8245 | rondas/fold prom.  51 |   19s
[16:45:20] [37/48] depth=14 eta=0.1  mcw=100 sub=0.8  col=0.5  -> AUC CV 0.8308 | rondas/fold prom.  86 |   19s
[16:45:36] [38/48] depth=14 eta=0.1  mcw=100 sub=0.8  col=1.0  -> AUC CV 0.8319 | rondas/fold prom.  66 |   16s
[16:45:57] [39/48] depth=14 eta=0.1  mcw=100 sub=1.0  col=0.5  -> AUC CV 0.8312 | rondas/fold prom.  98 |   21s
[16:46:16] [40/48] depth=14 eta=0.1  mcw=100 sub=1.0  col=1.0  -> AUC CV 0.8314 | rondas/fold prom.  94 |   19s
[16:46:24] [41/48] depth=14 eta=0.3  mcw=1   sub=0.8  col=0.5  -> AUC CV 0.8216 | rondas/fold prom.  15 |    8s
[16:46:32] [42/48] depth=14 eta=0.3  mcw=1   sub=0.8  col=1.0  -> AUC CV 0.8240 | rondas/fold prom.  13 |    8s
[16:46:39] [43/48] depth=14 eta=0.3  mcw=1   sub=1.0  col=0.5  -> AUC CV 0.8219 | rondas/fold prom.  12 |    7s
[16:46:47] [44/48] depth=14 eta=0.3  mcw=1   sub=1.0  col=1.0  -> AUC CV 0.8242 | rondas/fold prom.  18 |    8s
[16:46:59] [45/48] depth=14 eta=0.3  mcw=100 sub=0.8  col=0.5  -> AUC CV 0.8300 | rondas/fold prom.  38 |   11s
[16:47:08] [46/48] depth=14 eta=0.3  mcw=100 sub=0.8  col=1.0  -> AUC CV 0.8316 | rondas/fold prom.  21 |   10s
[16:47:17] [47/48] depth=14 eta=0.3  mcw=100 sub=1.0  col=0.5  -> AUC CV 0.8303 | rondas/fold prom.  28 |    9s
[16:47:24] [48/48] depth=14 eta=0.3  mcw=100 sub=1.0  col=1.0  -> AUC CV 0.8315 | rondas/fold prom.  17 |    7s
[16:47:24] Grilla terminada en 11.4 min
[16:47:24] Re-test de ventana de datos con la receta ganadora: {'max_depth': 6, 'eta': 0.1, 'min_child_weight': 1, 'subsample': 0.8, 'colsample_bytree': 1.0}
[16:47:39] ventana 12 meses         -> AUC CV 0.8305 (15s)
[16:47:59] ventana 24 meses         -> AUC CV 0.8336 (21s)
[16:48:24] ventana 36 meses         -> AUC CV 0.8328 (25s)
[16:49:03] ventana toda la historia -> AUC CV 0.8325 (39s)
[16:49:45] mini-refinamiento depth=4 eta=0.05  -> AUC CV 0.8334 | rondas prom 306
[16:50:08] mini-refinamiento depth=4 eta=0.1   -> AUC CV 0.8333 | rondas prom 163
[16:50:44] mini-refinamiento depth=5 eta=0.05  -> AUC CV 0.8335 | rondas prom 256
[16:51:05] mini-refinamiento depth=5 eta=0.1   -> AUC CV 0.8335 | rondas prom 140
[16:51:36] mini-refinamiento depth=6 eta=0.05  -> AUC CV 0.8338 | rondas prom 200
[16:51:55] mini-refinamiento depth=6 eta=0.1   -> AUC CV 0.8336 | rondas prom 102
[16:51:55] Sanidad: (depth=6, eta=0.1) reproduce el AUC de la grilla? 0.8336 vs. 0.8336
[16:51:55] Ganador refinado: {'max_depth': 6, 'eta': 0.05, 'min_child_weight': 1, 'subsample': 0.8, 'colsample_bytree': 1.0} -> AUC CV 0.8338
[16:51:55] === Experimento 1: artista/cancion sin tope (etapa larga, ~70-80 min en total) ===
[16:52:52]     artista SIN TOPE -- fold 1/4: AUC 0.7775 | 51s
[16:53:55]     artista SIN TOPE -- fold 2/4: AUC 0.8349 | 62s
[16:54:26]     artista SIN TOPE -- fold 3/4: AUC 0.8824 | 31s
[16:55:39]     artista SIN TOPE -- fold 4/4: AUC 0.8366 | 73s
[16:55:39] artista SIN TOPE                    cols= 16,052 -> AUC CV 0.8329 | rondas prom 274 | 223s TOTAL
[16:58:04]     artista + cancion SIN TOPE -- fold 1/4: AUC 0.7771 | 130s
[17:09:21]     artista + cancion SIN TOPE -- fold 2/4: AUC 0.8361 | 677s
[17:19:31]     artista + cancion SIN TOPE -- fold 3/4: AUC 0.8839 | 610s
[17:29:16]     artista + cancion SIN TOPE -- fold 4/4: AUC 0.8365 | 584s
[17:29:16] artista + cancion SIN TOPE          cols=100,489 -> AUC CV 0.8334 | rondas prom 414 | 2017s TOTAL
[17:38:26]     artista + cancion SIN TOPE +col0.5 -- fold 1/4: AUC 0.7801 | 534s
[17:40:26]     artista + cancion SIN TOPE +col0.5 -- fold 2/4: AUC 0.8332 | 121s
[17:51:26]     artista + cancion SIN TOPE +col0.5 -- fold 3/4: AUC 0.8836 | 659s
[18:02:42]     artista + cancion SIN TOPE +col0.5 -- fold 4/4: AUC 0.8383 | 676s
[18:02:42] artista + cancion SIN TOPE + colsample 0.5 cols=100,489 -> AUC CV 0.8338 | 2006s TOTAL
[18:02:42] Resumen Experimento 1 vs. referencia:
[18:02:42]   referencia (artista_top, tope 50)          AUC 0.8338  (+0.0000)  cols=162
[18:02:42]   artista SIN TOPE                           AUC 0.8329  (-0.0010)  cols=16,052
[18:02:42]   artista + cancion SIN TOPE                 AUC 0.8334  (-0.0004)  cols=100,489
[18:02:42]   artista + cancion SIN TOPE + colsample 0.5 AUC 0.8338  (-0.0000)  cols=100,489
[18:02:44] === Experimento 2: conteos nuevos ===
[18:02:51]     +pos_en_bucket -- fold 1/4: AUC 0.7781 | 4s
[18:03:02]     +pos_en_bucket -- fold 2/4: AUC 0.8374 | 11s
[18:03:08]     +pos_en_bucket -- fold 3/4: AUC 0.8838 | 7s
[18:03:25]     +pos_en_bucket -- fold 4/4: AUC 0.8388 | 16s
[18:03:25] + pos_en_bucket        -> AUC CV 0.8345  (+0.0007)
[18:03:35]     +bucket_count_dia -- fold 1/4: AUC 0.7800 | 7s
[18:03:47]     +bucket_count_dia -- fold 2/4: AUC 0.8363 | 11s
[18:03:53]     +bucket_count_dia -- fold 3/4: AUC 0.8839 | 7s
[18:04:02]     +bucket_count_dia -- fold 4/4: AUC 0.8384 | 9s
[18:04:02] + bucket_count_dia     -> AUC CV 0.8347  (+0.0008)
[18:04:13]     +gap_siguiente -- fold 1/4: AUC 0.7822 | 8s
[18:04:22]     +gap_siguiente -- fold 2/4: AUC 0.8367 | 9s
[18:04:29]     +gap_siguiente -- fold 3/4: AUC 0.8839 | 7s
[18:04:42]     +gap_siguiente -- fold 4/4: AUC 0.8383 | 13s
[18:04:42] + gap_siguiente        -> AUC CV 0.8353  (+0.0014)
[18:04:55]     combo -- fold 1/4: AUC 0.7816 | 9s
[18:05:09]     combo -- fold 2/4: AUC 0.8389 | 14s
[18:05:16]     combo -- fold 3/4: AUC 0.8855 | 7s
[18:05:29]     combo -- fold 4/4: AUC 0.8406 | 13s
[18:05:29] + pos_en_bucket + bucket_count_dia + gap_siguiente -> AUC CV 0.8366  (+0.0028)
[18:05:29] Ganador Experimento 2: pos_en_bucket + bucket_count_dia + gap_siguiente -> AUC CV 0.8366 | NUM_FINAL_2 = ['gap_min', 'bucket_count_30min', 'pos_en_bucket', 'bucket_count_dia', 'gap_siguiente']
[18:05:29] === Experimento 3: hora numerica ===
[18:05:40]     hora sola -- fold 1/4: AUC 0.7825 | 8s
[18:05:53]     hora sola -- fold 2/4: AUC 0.8381 | 12s
[18:06:03]     hora sola -- fold 3/4: AUC 0.8855 | 11s
[18:06:16]     hora sola -- fold 4/4: AUC 0.8410 | 13s
[18:06:16] hora NUMERICA (reemplaza el one-hot)     cols= 141 -> AUC CV 0.8368  (+0.0002)
[18:06:29]     hora ambas -- fold 1/4: AUC 0.7823 | 9s
[18:06:43]     hora ambas -- fold 2/4: AUC 0.8389 | 14s
[18:06:52]     hora ambas -- fold 3/4: AUC 0.8854 | 10s
[18:07:09]     hora ambas -- fold 4/4: AUC 0.8407 | 16s
[18:07:09] hora numerica ADEMAS del one-hot         cols= 166 -> AUC CV 0.8368  (+0.0002)
[18:07:12] RE-TUNEO FINAL (feature set cerrado, 141 cols): 48 combos x 4 folds
[18:07:56] [ 1/48] depth= 4 eta=0.05 mcw=1   sub=0.8  col=0.5  -> AUC CV 0.8304 | rondas prom 281 |   44s
[18:08:55] [ 2/48] depth= 4 eta=0.05 mcw=1   sub=0.8  col=1.0  -> AUC CV 0.8362 | rondas prom 376 |   58s
[18:10:06] [ 3/48] depth= 4 eta=0.05 mcw=1   sub=1.0  col=0.5  -> AUC CV 0.8351 | rondas prom 500 |   71s
[18:10:52] [ 4/48] depth= 4 eta=0.05 mcw=1   sub=1.0  col=1.0  -> AUC CV 0.8354 | rondas prom 346 |   46s
[18:11:33] [ 5/48] depth= 4 eta=0.05 mcw=100 sub=0.8  col=0.5  -> AUC CV 0.8299 | rondas prom 262 |   41s
[18:12:20] [ 6/48] depth= 4 eta=0.05 mcw=100 sub=0.8  col=1.0  -> AUC CV 0.8342 | rondas prom 306 |   47s
[18:13:05] [ 7/48] depth= 4 eta=0.05 mcw=100 sub=1.0  col=0.5  -> AUC CV 0.8310 | rondas prom 301 |   45s
[18:13:43] [ 8/48] depth= 4 eta=0.05 mcw=100 sub=1.0  col=1.0  -> AUC CV 0.8338 | rondas prom 272 |   38s
[18:14:21] [ 9/48] depth= 4 eta=0.1  mcw=1   sub=0.8  col=0.5  -> AUC CV 0.8351 | rondas prom 234 |   38s
[18:14:55] [10/48] depth= 4 eta=0.1  mcw=1   sub=0.8  col=1.0  -> AUC CV 0.8358 | rondas prom 201 |   34s
[18:15:26] [11/48] depth= 4 eta=0.1  mcw=1   sub=1.0  col=0.5  -> AUC CV 0.8349 | rondas prom 209 |   31s
[18:15:49] [12/48] depth= 4 eta=0.1  mcw=1   sub=1.0  col=1.0  -> AUC CV 0.8354 | rondas prom 161 |   23s
[18:16:28] [13/48] depth= 4 eta=0.1  mcw=100 sub=0.8  col=0.5  -> AUC CV 0.8342 | rondas prom 230 |   40s
[18:16:58] [14/48] depth= 4 eta=0.1  mcw=100 sub=0.8  col=1.0  -> AUC CV 0.8348 | rondas prom 180 |   29s
[18:17:24] [15/48] depth= 4 eta=0.1  mcw=100 sub=1.0  col=0.5  -> AUC CV 0.8338 | rondas prom 181 |   26s
[18:17:50] [16/48] depth= 4 eta=0.1  mcw=100 sub=1.0  col=1.0  -> AUC CV 0.8340 | rondas prom 191 |   26s
[18:18:34] [17/48] depth= 6 eta=0.05 mcw=1   sub=0.8  col=0.5  -> AUC CV 0.8337 | rondas prom 228 |   43s
[18:19:14] [18/48] depth= 6 eta=0.05 mcw=1   sub=0.8  col=1.0  -> AUC CV 0.8368 | rondas prom 222 |   40s
[18:19:45] [19/48] depth= 6 eta=0.05 mcw=1   sub=1.0  col=0.5  -> AUC CV 0.8335 | rondas prom 189 |   31s
[18:20:18] [20/48] depth= 6 eta=0.05 mcw=1   sub=1.0  col=1.0  -> AUC CV 0.8360 | rondas prom 197 |   33s
[18:21:06] [21/48] depth= 6 eta=0.05 mcw=100 sub=0.8  col=0.5  -> AUC CV 0.8352 | rondas prom 265 |   48s
[18:21:47] [22/48] depth= 6 eta=0.05 mcw=100 sub=0.8  col=1.0  -> AUC CV 0.8349 | rondas prom 242 |   41s
[18:22:35] [23/48] depth= 6 eta=0.05 mcw=100 sub=1.0  col=0.5  -> AUC CV 0.8351 | rondas prom 284 |   48s
[18:23:16] [24/48] depth= 6 eta=0.05 mcw=100 sub=1.0  col=1.0  -> AUC CV 0.8346 | rondas prom 246 |   40s
[18:23:39] [25/48] depth= 6 eta=0.1  mcw=1   sub=0.8  col=0.5  -> AUC CV 0.8358 | rondas prom 118 |   23s
[18:23:59] [26/48] depth= 6 eta=0.1  mcw=1   sub=0.8  col=1.0  -> AUC CV 0.8367 | rondas prom 105 |   21s
[18:24:18] [27/48] depth= 6 eta=0.1  mcw=1   sub=1.0  col=0.5  -> AUC CV 0.8363 | rondas prom 110 |   19s
[18:24:36] [28/48] depth= 6 eta=0.1  mcw=1   sub=1.0  col=1.0  -> AUC CV 0.8360 | rondas prom  98 |   17s
[18:25:03] [29/48] depth= 6 eta=0.1  mcw=100 sub=0.8  col=0.5  -> AUC CV 0.8348 | rondas prom 133 |   27s
[18:25:27] [30/48] depth= 6 eta=0.1  mcw=100 sub=0.8  col=1.0  -> AUC CV 0.8349 | rondas prom 134 |   24s
[18:25:52] [31/48] depth= 6 eta=0.1  mcw=100 sub=1.0  col=0.5  -> AUC CV 0.8347 | rondas prom 150 |   26s
[18:26:11] [32/48] depth= 6 eta=0.1  mcw=100 sub=1.0  col=1.0  -> AUC CV 0.8345 | rondas prom  95 |   19s
[18:26:42] [33/48] depth= 8 eta=0.05 mcw=1   sub=0.8  col=0.5  -> AUC CV 0.8338 | rondas prom 147 |   31s
[18:27:17] [34/48] depth= 8 eta=0.05 mcw=1   sub=0.8  col=1.0  -> AUC CV 0.8361 | rondas prom 168 |   35s
[18:27:40] [35/48] depth= 8 eta=0.05 mcw=1   sub=1.0  col=0.5  -> AUC CV 0.8339 | rondas prom 114 |   23s
[18:28:06] [36/48] depth= 8 eta=0.05 mcw=1   sub=1.0  col=1.0  -> AUC CV 0.8351 | rondas prom 123 |   26s
[18:28:33] [37/48] depth= 8 eta=0.05 mcw=100 sub=0.8  col=0.5  -> AUC CV 0.8329 | rondas prom 132 |   27s
[18:29:09] [38/48] depth= 8 eta=0.05 mcw=100 sub=0.8  col=1.0  -> AUC CV 0.8352 | rondas prom 176 |   36s
[18:29:34] [39/48] depth= 8 eta=0.05 mcw=100 sub=1.0  col=0.5  -> AUC CV 0.8330 | rondas prom 128 |   25s
[18:30:07] [40/48] depth= 8 eta=0.05 mcw=100 sub=1.0  col=1.0  -> AUC CV 0.8348 | rondas prom 180 |   33s
[18:30:23] [41/48] depth= 8 eta=0.1  mcw=1   sub=0.8  col=0.5  -> AUC CV 0.8357 | rondas prom  66 |   16s
[18:30:38] [42/48] depth= 8 eta=0.1  mcw=1   sub=0.8  col=1.0  -> AUC CV 0.8357 | rondas prom  64 |   15s
[18:30:56] [43/48] depth= 8 eta=0.1  mcw=1   sub=1.0  col=0.5  -> AUC CV 0.8357 | rondas prom  74 |   18s
[18:31:10] [44/48] depth= 8 eta=0.1  mcw=1   sub=1.0  col=1.0  -> AUC CV 0.8350 | rondas prom  59 |   14s
[18:31:33] [45/48] depth= 8 eta=0.1  mcw=100 sub=0.8  col=0.5  -> AUC CV 0.8351 | rondas prom 109 |   23s
[18:31:51] [46/48] depth= 8 eta=0.1  mcw=100 sub=0.8  col=1.0  -> AUC CV 0.8347 | rondas prom  85 |   18s
[18:32:11] [47/48] depth= 8 eta=0.1  mcw=100 sub=1.0  col=0.5  -> AUC CV 0.8348 | rondas prom  88 |   20s
[18:32:28] [48/48] depth= 8 eta=0.1  mcw=100 sub=1.0  col=1.0  -> AUC CV 0.8347 | rondas prom  80 |   16s
[18:32:28] Re-tuneo final terminado en 25.3 min
[18:32:28] GANADOR FINAL: {'max_depth': 6, 'eta': 0.05, 'min_child_weight': 1, 'subsample': 0.8, 'colsample_bytree': 1.0} -> AUC CV 0.8368 | NROUNDS_FINAL=222
[18:32:28] Re-test FINAL de ventana (receta final + feature set final):
[18:32:54] ventana 12 meses         -> AUC CV 0.8338
[18:33:36] ventana 24 meses         -> AUC CV 0.8368
[18:34:32] ventana 36 meses         -> AUC CV 0.8363
[18:35:36] ventana toda la historia -> AUC CV 0.8351
[18:35:36] Decision final de ventana: 24 meses -> AUC CV 0.8368
[18:35:51] TEST_INTERNO (unica mirada): XGBoost 0.8247 vs. arbol 0.8093 (+0.0154)
[18:35:59] Submission guardada: submission_clase4_xgboost.csv (51570 filas, 222 rondas, train 218,339 filas)
